Warning: TTY mode is not supported on Windows platform.

   FAIL  Tests\Browser\AccountSettingsModalTest
  Γ¿» account settings modal opens                                                                          10.82s  
  Γ¿» account settings modal tabs                                                                            3.27s  
  Γ¿» account settings form fields                                                                           3.20s  

   FAIL  Tests\Browser\AdminPageTest
  Γ£ô admin page displays correctly                                                                         12.17s  
  Γ¿» admin panel tabs present                                                                               3.37s  
  Γ¿» switching between admin tabs                                                                           3.59s  
  Γ¿» add buttons present                                                                                    3.73s  
  Γ¿» modals can be opened                                                                                   3.18s  
  Γ¿» tables display in admin tabs                                                                           3.15s  

   FAIL  Tests\Browser\AlertsPageTest
  Γ¿» alerts page displays correctly                                                                        10.81s  
  Γ¿» critical buildings table displays                                                                      3.14s  
  Γ¿» alert severity badges display                                                                          3.33s  

   FAIL  Tests\Browser\BootstrapComponentsTest
  Γ¿» bootstrap modals work                                                                                  9.72s  
  Γ¿» bootstrap tabs work                                                                                    3.18s  
  Γ¿» bootstrap dropdowns work                                                                               4.48s  
  Γ¿» bootstrap badges display                                                                               4.19s  
  Γ¿» bootstrap buttons display                                                                              3.11s  
  Γ¿» bootstrap cards display                                                                                3.67s  

   FAIL  Tests\Browser\DevicesPageTest
  Γ¿» devices page displays correctly                                                                       10.05s  
  Γ¿» status badges display                                                                                  3.43s  
  Γ¿» view devices buttons present                                                                           3.43s  

   FAIL  Tests\Browser\FormValidationTest
  Γ¿» form validation                                                                                       10.87s  

   FAIL  Tests\Browser\HelpPageTest
  Γ¿» help page displays content                                                                             9.81s  

   FAIL  Tests\Browser\HomePageTest
  Γ¿» home page displays campus map                                                                         10.30s  
  Γ¿» markers are interactive                                                                                3.38s  
